Microchip MPLAB XC8 Compiler V3.10

Linker command line:

-W-3 \
  --edf=C:/Users/jackj/.mchp_packs/Microchip/PIC18F-K_DFP/1.16.308/xc8\pic\dat\20260422061036_en.msgs \
  -pivt0x8=08h -cn -h+dist/default/production\FinalProject.X.production.sym \
  --cmf=dist/default/production\FinalProject.X.production.cmf -z -Q18F47K42 \
  -oC:\Users\jackj\AppData\Local\Temp\xcAs8ns.0\driver_tmp_3.o \
  --defsym=__MPLAB_BUILD=1 --fixupoverflow=error \
  -Mdist/default/production/FinalProject.X.production.map \
  --md=C:\Users\jackj\AppData\Local\Temp\xcAs8ns.0\driver_tmp_0.dat -E1 \
  -ver=XC8 Compiler -ACODE=00h-01FFFFh -ACONST=00h-01FFFFh \
  -ASMALLCONST=02000h-020FFhx224,012000h-0120FFhx224 \
  -AMEDIUMCONST=02000h-0FFFFh,012000h-01FFFFh -ACOMRAM=01h-05Fh \
  -AABS1=00h-01FFFh -ABIGRAM=01h-01FFFh -ARAM=060h-0FFh,0100h-01FFhx31 \
  -ABANK0=060h-0FFh -ABANK1=0100h-01FFh -ABANK2=0200h-02FFh \
  -ABANK3=0300h-03FFh -ABANK4=0400h-04FFh -ABANK5=0500h-05FFh \
  -ABANK6=0600h-06FFh -ABANK7=0700h-07FFh -ABANK8=0800h-08FFh \
  -ABANK9=0900h-09FFh -ABANK10=0A00h-0AFFh -ABANK11=0B00h-0BFFh \
  -ABANK12=0C00h-0CFFh -ABANK13=0D00h-0DFFh -ABANK14=0E00h-0EFFh \
  -ABANK15=0F00h-0FFFh -ABANK16=01000h-010FFh -ABANK17=01100h-011FFh \
  -ABANK18=01200h-012FFh -ABANK19=01300h-013FFh -ABANK20=01400h-014FFh \
  -ABANK21=01500h-015FFh -ABANK22=01600h-016FFh -ABANK23=01700h-017FFh \
  -ABANK24=01800h-018FFh -ABANK25=01900h-019FFh -ABANK26=01A00h-01AFFh \
  -ABANK27=01B00h-01BFFh -ABANK28=01C00h-01CFFh -ABANK29=01D00h-01DFFh \
  -ABANK30=01E00h-01EFFh -ABANK31=01F00h-01FFFh \
  -ASFR=03800h-038FFhx7,03F00h-03F5Fh,03F60h-03FFFh -ABIGSFR=03800h-03FFFh \
  -ACONFIG=0300000h-0300009h -AIDLOC=0200000h-020000Fh \
  -AEEDATA=0310000h-03103FFh -peeprom_data=EEDATA -preset_vec=00h \
  -ppowerup=CODE,init -pramtop=02000h -psmallconst=SMALLCONST \
  -pmediumconst=MEDIUMCONST -pconst=CONST -AFARRAM=00h-00h \
  -prdata=COMRAM,nvrram=COMRAM,nvbit=COMRAM,rbss=COMRAM,rbit=COMRAM \
  -pfarbss=FARRAM,fardata=FARRAM,nvFARRAM=FARRAM \
  -pintsave_regs=BIGRAM,bigbss=BIGRAM,bigdata=BIGRAM -pbss=RAM \
  -pidata=CODE,irdata=CODE,ibigdata=CODE,ifardata=CODE -prparam=COMRAM \
  C:\Users\jackj\AppData\Local\Temp\xcAs8ns.0\driver_tmp_14.o \
  dist/default/production\FinalProject.X.production.o 

Object code version is 3.11

Machine type is 18F47K42



                Name                               Link     Load   Length Selector   Space Scale
C:\Users\jackj\AppData\Local\Temp\xcAs8ns.0\driver_tmp_14.o
                config                           300000   300000        A        0       4
                init                                 1A       1A        4        4       0
                reset_vec                             0        0        4        0       0
dist/default/production\FinalProject.X.production.o
                config                           300000   300000        A        0       4
                smallconst                         2000     2000       B0     1000       0
                ivt0x8                                8        8       12        4       0
                text30                             3002     3002        6     1058       0
                text29                             2FFC     2FFC        6     1058       0
                text28                             2D06     2D06       48     1058       0
                text27                             2EBA     2EBA       30     1058       0
                text26                             2C40     2C40       64     1058       0
                text25                             2E8A     2E8A       30     1058       0
                text24                             2872     2872       D4     1058       0
                text23                             2EEA     2EEA       2E     1058       0
                text22                             2B60     2B60       72     1058       0
                text21                             2D90     2D90       36     1058       0
                text20                             2FD0     2FD0       16     1058       0
                text19                             2E5A     2E5A       30     1058       0
                text18                             2FBA     2FBA       16     1058       0
                text17                             2E2A     2E2A       30     1058       0
                text16                             2F40     2F40       24     1058       0
                text15                             2F84     2F84       1E     1058       0
                text14                             300C     300C        4     1058       0
                text13                             2FF6     2FF6        6     1058       0
                text12                             2CA4     2CA4       62     1058       0
                text11                             2946     2946       C0     1058       0
                text10                             2A06     2A06       AE     1058       0
                text9                              2DC6     2DC6       34     1058       0
                text8                              2F18     2F18       28     1058       0
                text7                              2FEE     2FEE        8     1058       0
                text6                              2F64     2F64       20     1058       0
                text5                              2AB4     2AB4       AC     1058       0
                text4                              26A2     26A2      1D0     1058       0
                text3                              2D4E     2D4E       42     1058       0
                text2                              2DFA     2DFA       30     1058       0
                text1                              2FA2     2FA2       18     1058       0
                text0                              20B0     20B0      5F2     1058       0
                cstackCOMRAM                          1        1       3C        1       1
                dataBANK0                            98       98        8       60       1
                bssBANK0                             60       60       38       60       1
                dataCOMRAM                           5B       5B        4        1       1
                bssCOMRAM                            3D       3D       1E        1       1
                cinit                              2BD2     2BD2       6E     1058       0
                idataBANK0                         2FE6     2FE6        8     1058       0
                idataCOMRAM                        3008     3008        4     1058       0

TOTAL           Name                               Link     Load   Length     Space
        CLASS   CODE           
                init                                 1A       1A        4         0
                reset_vec                             0        0        4         0
                ivt0x8                                8        8       12         0
                text30                             3002     3002        6         0
                text29                             2FFC     2FFC        6         0
                text28                             2D06     2D06       48         0
                text27                             2EBA     2EBA       30         0
                text26                             2C40     2C40       64         0
                text25                             2E8A     2E8A       30         0
                text24                             2872     2872       D4         0
                text23                             2EEA     2EEA       2E         0
                text22                             2B60     2B60       72         0
                text21                             2D90     2D90       36         0
                text20                             2FD0     2FD0       16         0
                text19                             2E5A     2E5A       30         0
                text18                             2FBA     2FBA       16         0
                text17                             2E2A     2E2A       30         0
                text16                             2F40     2F40       24         0
                text15                             2F84     2F84       1E         0
                text14                             300C     300C        4         0
                text13                             2FF6     2FF6        6         0
                text12                             2CA4     2CA4       62         0
                text11                             2946     2946       C0         0
                text10                             2A06     2A06       AE         0
                text9                              2DC6     2DC6       34         0
                text8                              2F18     2F18       28         0
                text7                              2FEE     2FEE        8         0
                text6                              2F64     2F64       20         0
                text5                              2AB4     2AB4       AC         0
                text4                              26A2     26A2      1D0         0
                text3                              2D4E     2D4E       42         0
                text2                              2DFA     2DFA       30         0
                text1                              2FA2     2FA2       18         0
                text0                              20B0     20B0      5F2         0
                cinit                              2BD2     2BD2       6E         0
                idataBANK0                         2FE6     2FE6        8         0
                idataCOMRAM                        3008     3008        4         0

        CLASS   CONST          

        CLASS   SMALLCONST     
                smallconst                         2000     2000       B0         0

        CLASS   MEDIUMCONST    

        CLASS   COMRAM         
                cstackCOMRAM                          1        1       3C         1
                dataCOMRAM                           5B       5B        4         1
                bssCOMRAM                            3D       3D       1E         1

        CLASS   ABS1           

        CLASS   BIGRAM         

        CLASS   RAM            

        CLASS   BANK0          
                dataBANK0                            98       98        8         1
                bssBANK0                             60       60       38         1

        CLASS   BANK1          

        CLASS   BANK2          

        CLASS   BANK3          

        CLASS   BANK4          

        CLASS   BANK5          

        CLASS   BANK6          

        CLASS   BANK7          

        CLASS   BANK8          

        CLASS   BANK9          

        CLASS   BANK10         

        CLASS   BANK11         

        CLASS   BANK12         

        CLASS   BANK13         

        CLASS   BANK14         

        CLASS   BANK15         

        CLASS   BANK16         

        CLASS   BANK17         

        CLASS   BANK18         

        CLASS   BANK19         

        CLASS   BANK20         

        CLASS   BANK21         

        CLASS   BANK22         

        CLASS   BANK23         

        CLASS   BANK24         

        CLASS   BANK25         

        CLASS   BANK26         

        CLASS   BANK27         

        CLASS   BANK28         

        CLASS   BANK29         

        CLASS   BANK30         

        CLASS   BANK31         

        CLASS   SFR            

        CLASS   BIGSFR         

        CLASS   CONFIG         
                config                           300000   300000        A         4

        CLASS   IDLOC          

        CLASS   EEDATA         

        CLASS   FARRAM         

        CLASS   HEAP           

        CLASS   STACK          



SEGMENTS        Name                           Load    Length   Top    Selector   Space  Class

                reset_vec                      000000  000004  000004         0       0  CODE    
                cstackCOMRAM                   000001  00005E  00005F         1       1  COMRAM  
                ivt0x8                         000008  000016  00001E         4       0  CODE    
                bssBANK0                       000060  000040  0000A0        60       1  BANK0   
                smallconst                     002000  0000B0  0020B0      1000       0  SMALLCON
                text0                          0020B0  000F60  003010      1058       0  CODE    


UNUSED ADDRESS RANGES

        Name                Unused          Largest block    Delta
        BANK0            0000A0-0000FF               60
        BANK1            000100-0001FF              100
        BANK10           000A00-000AFF              100
        BANK11           000B00-000BFF              100
        BANK12           000C00-000CFF              100
        BANK13           000D00-000DFF              100
        BANK14           000E00-000EFF              100
        BANK15           000F00-000FFF              100
        BANK16           001000-0010FF              100
        BANK17           001100-0011FF              100
        BANK18           001200-0012FF              100
        BANK19           001300-0013FF              100
        BANK2            000200-0002FF              100
        BANK20           001400-0014FF              100
        BANK21           001500-0015FF              100
        BANK22           001600-0016FF              100
        BANK23           001700-0017FF              100
        BANK24           001800-0018FF              100
        BANK25           001900-0019FF              100
        BANK26           001A00-001AFF              100
        BANK27           001B00-001BFF              100
        BANK28           001C00-001CFF              100
        BANK29           001D00-001DFF              100
        BANK3            000300-0003FF              100
        BANK30           001E00-001EFF              100
        BANK31           001F00-001FFF              100
        BANK4            000400-0004FF              100
        BANK5            000500-0005FF              100
        BANK6            000600-0006FF              100
        BANK7            000700-0007FF              100
        BANK8            000800-0008FF              100
        BANK9            000900-0009FF              100
        BIGRAM           00005F-00005F                1
                         0000A0-001FFF             1F60
        BIGSFR           003800-003FFF              800
        CODE             000004-000007                4
                         00001E-001FFF             1FE2
                         003010-01FFFF            1CFF0
        COMRAM           00005F-00005F                1
        CONST            000004-000007                4
                         00001E-001FFF             1FE2
                         003010-01FFFF            1CFF0
        EEDATA           310000-3103FF              400
        IDLOC            200000-20000F               10
        MEDIUMCONST      003010-00FFFF             CFF0
                         012000-01FFFF             E000
        RAM              0000A0-001FFF              100
        SFR              003800-003FFF              100
        SMALLCONST       003010-00FFFF              100
                         012000-01FFFF              100

                                  Symbol Table

?_ADC_ChannelSelectAndConvert        cstackCOMRAM 000001
?___awdiv                            cstackCOMRAM 000001
?___awmod                            cstackCOMRAM 000001
?_abs                                cstackCOMRAM 000007
?_sprintf                            cstackCOMRAM 00001A
?_vfprintf                           cstackCOMRAM 000016
ADC_ChannelSelectAndConvert@channel  cstackCOMRAM 000005
IVTBASEH                             (abs)        003FD6
IVTBASEL                             (abs)        003FD5
IVTBASEU                             (abs)        003FD7
LCD_Char@dat                         cstackCOMRAM 000002
LCD_Command@cmd                      cstackCOMRAM 000002
LCD_String@msg                       cstackCOMRAM 000003
LCD_String_xy@location               cstackCOMRAM 000009
LCD_String_xy@msg                    cstackCOMRAM 000006
LCD_String_xy@pos                    cstackCOMRAM 000005
LCD_String_xy@row                    cstackCOMRAM 000008
PWM1_LoadDutyValue@dutyValue         cstackCOMRAM 000001
PWM2_LoadDutyValue@dutyValue         cstackCOMRAM 000001
UART2_Write@txData                   cstackCOMRAM 000001
_ADACCH                              (abs)        003EE9
_ADACCL                              (abs)        003EE8
_ADACCU                              (abs)        003EEA
_ADACQH                              (abs)        003EF4
_ADACQL                              (abs)        003EF3
_ADACT                               (abs)        003EFE
_ADCAP                               (abs)        003EF5
_ADCLK                               (abs)        003EFF
_ADCNT                               (abs)        003EEB
_ADCON0                              (abs)        003EF8
_ADCON0bits                          (abs)        003EF8
_ADCON1                              (abs)        003EF9
_ADCON1bits                          (abs)        003EF9
_ADCON2                              (abs)        003EFA
_ADCON2bits                          (abs)        003EFA
_ADCON3                              (abs)        003EFB
_ADCON3bits                          (abs)        003EFB
_ADCP                                (abs)        003ED7
_ADCPbits                            (abs)        003ED7
_ADC_ChannelSelectAndConvert         text27       002EBA
_ADC_ConversionDoneCallback          bssBANK0     000083
_ADC_ISR                             text30       003002
_ADC_Initialize                      text26       002C40
_ADC_ThresholdCallback               bssBANK0     000080
_ADC_ThresholdISR                    text29       002FFC
_ADERRH                              (abs)        003EE3
_ADERRL                              (abs)        003EE2
_ADFLTRH                             (abs)        003EE7
_ADFLTRL                             (abs)        003EE6
_ADLTHH                              (abs)        003EDF
_ADLTHL                              (abs)        003EDE
_ADPCH                               (abs)        003EF1
_ADPREH                              (abs)        003EF7
_ADPREL                              (abs)        003EF6
_ADPREVH                             (abs)        003EEE
_ADPREVL                             (abs)        003EED
_ADREF                               (abs)        003EFD
_ADRESH                              (abs)        003EF0
_ADRESL                              (abs)        003EEF
_ADRPT                               (abs)        003EEC
_ADSTAT                              (abs)        003EFC
_ADSTATbits                          (abs)        003EFC
_ADSTPTH                             (abs)        003EE5
_ADSTPTL                             (abs)        003EE4
_ADUTHH                              (abs)        003EE1
_ADUTHL                              (abs)        003EE0
_ANSELA                              (abs)        003A40
_ANSELAbits                          (abs)        003A40
_ANSELB                              (abs)        003A50
_ANSELC                              (abs)        003A60
_ANSELD                              (abs)        003A70
_ANSELE                              (abs)        003A80
_CCP1CON                             (abs)        003F7E
_CCP1CONbits                         (abs)        003F7E
_CCP2CON                             (abs)        003F7A
_CCP2CONbits                         (abs)        003F7A
_CCPR1H                              (abs)        003F7D
_CCPR1L                              (abs)        003F7C
_CCPR2H                              (abs)        003F79
_CCPR2L                              (abs)        003F78
_CCPTMRS0bits                        (abs)        003F5E
_INLVLA                              (abs)        003A44
_INLVLB                              (abs)        003A54
_INLVLC                              (abs)        003A64
_INLVLD                              (abs)        003A74
_INLVLE                              (abs)        003A84
_INT0_DefaultInterruptHandler        (abs)        000000
_INT0_InterruptHandler               bssCOMRAM    00004C
_INT1_DefaultInterruptHandler        (abs)        000000
_INT1_InterruptHandler               bssCOMRAM    000049
_INT2_DefaultInterruptHandler        (abs)        000000
_INT2_InterruptHandler               bssCOMRAM    000046
_INTCON0bits                         (abs)        003FD2
_INTERRUPT_InterruptManager          text28       002D06
_IOCAF                               (abs)        003A47
_IOCAN                               (abs)        003A46
_IOCAP                               (abs)        003A45
_IOCBF                               (abs)        003A57
_IOCBN                               (abs)        003A56
_IOCBP                               (abs)        003A55
_IOCCF                               (abs)        003A67
_IOCCN                               (abs)        003A66
_IOCCP                               (abs)        003A65
_IOCEF                               (abs)        003A87
_IOCEN                               (abs)        003A86
_IOCEP                               (abs)        003A85
_LATA                                (abs)        003FBA
_LATAbits                            (abs)        003FBA
_LATB                                (abs)        003FBB
_LATC                                (abs)        003FBC
_LATD                                (abs)        003FBD
_LATDbits                            (abs)        003FBD
_LATE                                (abs)        003FBE
_LCD_Char                            text23       002EEA
_LCD_Command                         text25       002E8A
_LCD_Init                            text24       002872
_LCD_String                          text22       002B60
_LCD_String_xy                       text21       002D90
_ODCONA                              (abs)        003A42
_ODCONB                              (abs)        003A52
_ODCONC                              (abs)        003A62
_ODCOND                              (abs)        003A72
_ODCONE                              (abs)        003A82
_OSCCON1                             (abs)        0039D9
_OSCCON3                             (abs)        0039DB
_OSCEN                               (abs)        0039DD
_OSCFRQ                              (abs)        0039DF
_OSCSTATbits                         (abs)        0039DC
_OSCTUNE                             (abs)        0039DE
_PIE1bits                            (abs)        003991
_PIR1bits                            (abs)        0039A1
_PIR4bits                            (abs)        0039A4
_PIR5bits                            (abs)        0039A5
_PIR7bits                            (abs)        0039A7
_PORTAbits                           (abs)        003FCA
_PORTDbits                           (abs)        003FCD
_PPSLOCK                             (abs)        003ABF
_PPSLOCKbits                         (abs)        003ABF
_PWM1_INITIALIZE_DUTY_VALUE          dataBANK0    000098
_PWM1_Initialize                     text20       002FD0
_PWM1_LoadDutyValue                  text19       002E5A
_PWM2_INITIALIZE_DUTY_VALUE          dataBANK0    00009C
_PWM2_Initialize                     text18       002FBA
_PWM2_LoadDutyValue                  text17       002E2A
_PWM_Output_RC2_RC3_Enable           text16       002F40
_RB1I2C                              (abs)        003A5A
_RB2I2C                              (abs)        003A5B
_RC2PPS                              (abs)        003A12
_RC3I2C                              (abs)        003A6A
_RC3PPS                              (abs)        003A13
_RC4I2C                              (abs)        003A6B
_RD0I2C                              (abs)        003A7A
_RD0PPS                              (abs)        003A18
_RD1I2C                              (abs)        003A7B
_SLRCONA                             (abs)        003A43
_SLRCONB                             (abs)        003A53
_SLRCONC                             (abs)        003A63
_SLRCOND                             (abs)        003A73
_SLRCONE                             (abs)        003A83
_T2CLKCON                            (abs)        003FAE
_T2CONbits                           (abs)        003FAC
_T2HLT                               (abs)        003FAD
_T2PR                                (abs)        003FAB
_T2RST                               (abs)        003FAF
_T2TMR                               (abs)        003FAA
_TMR2                                (abs)        003FAA
_TMR2_Initialize                     text15       002F84
_TMR2_Start                          text14       00300C
_TMR2_StartTimer                     text13       002FF6
_TRISA                               (abs)        003FC2
_TRISAbits                           (abs)        003FC2
_TRISB                               (abs)        003FC3
_TRISC                               (abs)        003FC4
_TRISCbits                           (abs)        003FC4
_TRISD                               (abs)        003FC5
_TRISDbits                           (abs)        003FC5
_TRISE                               (abs)        003FC6
_U2BRGH                              (abs)        003DDE
_U2BRGL                              (abs)        003DDD
_U2CON0                              (abs)        003DDA
_U2CON0bits                          (abs)        003DDA
_U2CON1                              (abs)        003DDB
_U2CON1bits                          (abs)        003DDB
_U2CON2                              (abs)        003DDC
_U2ERRIE                             (abs)        003DE2
_U2ERRIR                             (abs)        003DE1
_U2ERRIRbits                         (abs)        003DE1
_U2FIFO                              (abs)        003DDF
_U2FIFObits                          (abs)        003DDF
_U2P1L                               (abs)        003DD4
_U2P2L                               (abs)        003DD6
_U2P3L                               (abs)        003DD8
_U2RXB                               (abs)        003DD0
_U2RXPPS                             (abs)        003AE8
_U2TXB                               (abs)        003DD2
_U2UIR                               (abs)        003DE0
_U2UIRbits                           (abs)        003DE0
_UART2                               smallconst   002001
_UART2_AutoBaudQuery                 (abs)        000000
_UART2_AutoBaudSet                   (abs)        000000
_UART2_DefaultFramingErrorCallback   (abs)        000000
_UART2_DefaultOverrunErrorCallback   (abs)        000000
_UART2_DefaultParityErrorCallback    (abs)        000000
_UART2_Deinitialize                  (abs)        000000
_UART2_ErrorGet                      (abs)        000000
_UART2_FramingErrorCallbackRegister  (abs)        000000
_UART2_FramingErrorHandler           bssCOMRAM    000043
_UART2_Initialize                    (abs)        000000
_UART2_IsRxReady                     (abs)        000000
_UART2_IsTxDone                      (abs)        000000
_UART2_IsTxReady                     text8        002F18
_UART2_IsTxReady$2186                cstackCOMRAM 000001
_UART2_OverrunErrorCallbackRegister  (abs)        000000
_UART2_OverrunErrorHandler           bssCOMRAM    000040
_UART2_ParityErrorCallbackRegister   (abs)        000000
_UART2_ParityErrorHandler            bssCOMRAM    00003D
_UART2_Read                          (abs)        000000
_UART2_TransmitDisable               (abs)        000000
_UART2_TransmitEnable                (abs)        000000
_UART2_Write                         text7        002FEE
_WPUA                                (abs)        003A41
_WPUB                                (abs)        003A51
_WPUC                                (abs)        003A61
_WPUD                                (abs)        003A71
_WPUDbits                            (abs)        003A71
_WPUE                                (abs)        003A81
__HRAM                               (abs)        000000
__H__absolute__                      __absolute__ 000000
__Habs1                              abs1         000000
__Hbank0                             bank0        000000
__Hbank1                             bank1        000000
__Hbank10                            bank10       000000
__Hbank11                            bank11       000000
__Hbank12                            bank12       000000
__Hbank13                            bank13       000000
__Hbank14                            bank14       000000
__Hbank15                            bank15       000000
__Hbank16                            bank16       000000
__Hbank17                            bank17       000000
__Hbank18                            bank18       000000
__Hbank19                            bank19       000000
__Hbank2                             bank2        000000
__Hbank20                            bank20       000000
__Hbank21                            bank21       000000
__Hbank22                            bank22       000000
__Hbank23                            bank23       000000
__Hbank24                            bank24       000000
__Hbank25                            bank25       000000
__Hbank26                            bank26       000000
__Hbank27                            bank27       000000
__Hbank28                            bank28       000000
__Hbank29                            bank29       000000
__Hbank3                             bank3        000000
__Hbank30                            bank30       000000
__Hbank31                            bank31       000000
__Hbank4                             bank4        000000
__Hbank5                             bank5        000000
__Hbank6                             bank6        000000
__Hbank7                             bank7        000000
__Hbank8                             bank8        000000
__Hbank9                             bank9        000000
__Hbigbss                            bigbss       000000
__Hbigdata                           bigdata      000000
__Hbigram                            bigram       000000
__Hbigsfr                            bigsfr       000000
__Hbss                               bss          000000
__HbssBANK0                          bssBANK0     000000
__HbssCOMRAM                         bssCOMRAM    000000
__Hcinit                             cinit        000000
__Hclrtext                           clrtext      000000
__Hcomram                            comram       000000
__Hconfig                            config       30000A
__Hconst                             const        000000
__HcstackCOMRAM                      cstackCOMRAM 000000
__Hdata                              data         000000
__HdataBANK0                         dataBANK0    000000
__HdataCOMRAM                        dataCOMRAM   000000
__Heeprom_data                       eeprom_data  000000
__Hfarbss                            farbss       000000
__Hfardata                           fardata      000000
__Hheap                              heap         000000
__Hibigdata                          ibigdata     000000
__Hidata                             idata        000000
__HidataBANK0                        idataBANK0   000000
__HidataCOMRAM                       idataCOMRAM  000000
__Hidloc                             idloc        000000
__Hifardata                          ifardata     000000
__Hinit                              init         00001E
__Hintsave_regs                      intsave_regs 000000
__Hirdata                            irdata       000000
__Hivt0x8                            ivt0x8       00001A
__Hmediumconst                       mediumconst  000000
__HnvFARRAM                          nvFARRAM     000000
__Hnvbit                             nvbit        000000
__Hnvrram                            nvrram       000000
__Hparam                             rparam       000000
__Hpowerup                           powerup      000000
__Hram                               ram          000000
__Hramtop                            ramtop       002000
__Hrbit                              rbit         000000
__Hrbss                              rbss         000000
__Hrdata                             rdata        000000
__Hreset_vec                         reset_vec    000004
__Hrparam                            rparam       000000
__Hsfr                               sfr          000000
__Hsmallconst                        smallconst   0020B0
__Hspace_0                           (abs)        003010
__Hspace_1                           (abs)        0000A0
__Hspace_2                           (abs)        000000
__Hspace_4                           (abs)        60000A
__Hstack                             stack        000000
__Hstruct                            struct       000000
__Htemp                              temp         000000
__Htext                              text         000000
__Htext0                             text0        000000
__Htext1                             text1        000000
__Htext10                            text10       000000
__Htext11                            text11       000000
__Htext12                            text12       000000
__Htext13                            text13       000000
__Htext14                            text14       000000
__Htext15                            text15       000000
__Htext16                            text16       000000
__Htext17                            text17       000000
__Htext18                            text18       000000
__Htext19                            text19       000000
__Htext2                             text2        000000
__Htext20                            text20       000000
__Htext21                            text21       000000
__Htext22                            text22       000000
__Htext23                            text23       000000
__Htext24                            text24       000000
__Htext25                            text25       000000
__Htext26                            text26       000000
__Htext27                            text27       000000
__Htext28                            text28       000000
__Htext29                            text29       000000
__Htext3                             text3        000000
__Htext30                            text30       000000
__Htext4                             text4        000000
__Htext5                             text5        000000
__Htext6                             text6        000000
__Htext7                             text7        000000
__Htext8                             text8        000000
__Htext9                             text9        000000
__LRAM                               (abs)        000001
__L__absolute__                      __absolute__ 000000
__Labs1                              abs1         000000
__Lbank0                             bank0        000000
__Lbank1                             bank1        000000
__Lbank10                            bank10       000000
__Lbank11                            bank11       000000
__Lbank12                            bank12       000000
__Lbank13                            bank13       000000
__Lbank14                            bank14       000000
__Lbank15                            bank15       000000
__Lbank16                            bank16       000000
__Lbank17                            bank17       000000
__Lbank18                            bank18       000000
__Lbank19                            bank19       000000
__Lbank2                             bank2        000000
__Lbank20                            bank20       000000
__Lbank21                            bank21       000000
__Lbank22                            bank22       000000
__Lbank23                            bank23       000000
__Lbank24                            bank24       000000
__Lbank25                            bank25       000000
__Lbank26                            bank26       000000
__Lbank27                            bank27       000000
__Lbank28                            bank28       000000
__Lbank29                            bank29       000000
__Lbank3                             bank3        000000
__Lbank30                            bank30       000000
__Lbank31                            bank31       000000
__Lbank4                             bank4        000000
__Lbank5                             bank5        000000
__Lbank6                             bank6        000000
__Lbank7                             bank7        000000
__Lbank8                             bank8        000000
__Lbank9                             bank9        000000
__Lbigbss                            bigbss       000000
__Lbigdata                           bigdata      000000
__Lbigram                            bigram       000000
__Lbigsfr                            bigsfr       000000
__Lbss                               bss          000000
__LbssBANK0                          bssBANK0     000000
__LbssCOMRAM                         bssCOMRAM    000000
__Lcinit                             cinit        000000
__Lclrtext                           clrtext      000000
__Lcomram                            comram       000000
__Lconfig                            config       000000
__Lconst                             const        000000
__LcstackCOMRAM                      cstackCOMRAM 000000
__Ldata                              data         000000
__LdataBANK0                         dataBANK0    000000
__LdataCOMRAM                        dataCOMRAM   000000
__Leeprom_data                       eeprom_data  000000
__Lfarbss                            farbss       000000
__Lfardata                           fardata      000000
__Lheap                              heap         000000
__Libigdata                          ibigdata     000000
__Lidata                             idata        000000
__LidataBANK0                        idataBANK0   000000
__LidataCOMRAM                       idataCOMRAM  000000
__Lidloc                             idloc        000000
__Lifardata                          ifardata     000000
__Linit                              init         00001A
__Lintsave_regs                      intsave_regs 000000
__Lirdata                            irdata       000000
__Livt0x8                            ivt0x8       000008
__Lmediumconst                       mediumconst  000000
__LnvFARRAM                          nvFARRAM     000000
__Lnvbit                             nvbit        000000
__Lnvrram                            nvrram       000000
__Lparam                             rparam       000000
__Lpowerup                           powerup      000000
__Lram                               ram          000000
__Lramtop                            ramtop       002000
__Lrbit                              rbit         000000
__Lrbss                              rbss         000000
__Lrdata                             rdata        000000
__Lreset_vec                         reset_vec    000000
__Lrparam                            rparam       000000
__Lsfr                               sfr          000000
__Lsmallconst                        smallconst   002000
__Lspace_0                           (abs)        000000
__Lspace_1                           (abs)        000000
__Lspace_2                           (abs)        000000
__Lspace_4                           (abs)        000000
__Lstack                             stack        000000
__Lstruct                            struct       000000
__Ltemp                              temp         000000
__Ltext                              text         000000
__Ltext0                             text0        000000
__Ltext1                             text1        000000
__Ltext10                            text10       000000
__Ltext11                            text11       000000
__Ltext12                            text12       000000
__Ltext13                            text13       000000
__Ltext14                            text14       000000
__Ltext15                            text15       000000
__Ltext16                            text16       000000
__Ltext17                            text17       000000
__Ltext18                            text18       000000
__Ltext19                            text19       000000
__Ltext2                             text2        000000
__Ltext20                            text20       000000
__Ltext21                            text21       000000
__Ltext22                            text22       000000
__Ltext23                            text23       000000
__Ltext24                            text24       000000
__Ltext25                            text25       000000
__Ltext26                            text26       000000
__Ltext27                            text27       000000
__Ltext28                            text28       000000
__Ltext29                            text29       000000
__Ltext3                             text3        000000
__Ltext30                            text30       000000
__Ltext4                             text4        000000
__Ltext5                             text5        000000
__Ltext6                             text6        000000
__Ltext7                             text7        000000
__Ltext8                             text8        000000
__Ltext9                             text9        000000
__S0                                 (abs)        003010
__S1                                 (abs)        0000A0
__S4                                 (abs)        000000
__S5                                 (abs)        000000
___awdiv                             text11       002946
___awdiv@counter                     cstackCOMRAM 000005
___awdiv@dividend                    cstackCOMRAM 000001
___awdiv@divisor                     cstackCOMRAM 000003
___awdiv@quotient                    cstackCOMRAM 000007
___awdiv@sign                        cstackCOMRAM 000006
___awmod                             text10       002A06
___awmod@counter                     cstackCOMRAM 000005
___awmod@dividend                    cstackCOMRAM 000001
___awmod@divisor                     cstackCOMRAM 000003
___awmod@sign                        cstackCOMRAM 000006
___heap_hi                           (abs)        000000
___heap_lo                           (abs)        000000
___inthi_sp                          stack        000000
___inthi_stack_hi                    stack        000000
___inthi_stack_lo                    stack        000000
___intlo_sp                          stack        000000
___intlo_stack_hi                    stack        000000
___intlo_stack_lo                    stack        000000
___param_bank                        (abs)        000000
___rparam_used                       (abs)        000001
___sp                                stack        000000
___stack_hi                          stack        000000
___stack_lo                          stack        000000
__accesstop                          (abs)        000060
__activetblptr                       (abs)        000003
__end_of_ADC_ChannelSelectAndConvert text27       002EEA
__end_of_ADC_ISR                     text30       003008
__end_of_ADC_Initialize              text26       002CA4
__end_of_ADC_ThresholdISR            text29       003002
__end_of_INTERRUPT_InterruptManager  text28       002D4E
__end_of_LCD_Char                    text23       002F18
__end_of_LCD_Command                 text25       002EBA
__end_of_LCD_Init                    text24       002946
__end_of_LCD_String                  text22       002BD2
__end_of_LCD_String_xy               text21       002DC6
__end_of_PWM1_Initialize             text20       002FE6
__end_of_PWM1_LoadDutyValue          text19       002E8A
__end_of_PWM2_Initialize             text18       002FD0
__end_of_PWM2_LoadDutyValue          text17       002E5A
__end_of_PWM_Output_RC2_RC3_Enable   text16       002F64
__end_of_TMR2_Initialize             text15       002FA2
__end_of_TMR2_Start                  text14       003010
__end_of_TMR2_StartTimer             text13       002FFC
__end_of_UART2                       smallconst   002049
__end_of_UART2_IsTxReady             text8        002F40
__end_of_UART2_Write                 text7        002FF6
__end_of___awdiv                     text11       002A06
__end_of___awmod                     text10       002AB4
__end_of__initialization             cinit        002C3A
__end_of_abs                         text9        002DFA
__end_of_fputc                       text5        002B60
__end_of_hit_Tone                    text12       002D06
__end_of_main                        text0        0026A2
__end_of_putch                       text6        002F84
__end_of_sprintf                     text2        002E2A
__end_of_systemInit                  text1        002FBA
__end_of_vfpfcnvrt                   text4        002872
__end_of_vfprintf                    text3        002D90
__initialization                     cinit        002BD2
__mediumconst                        smallconst   002000
__pbssBANK0                          bssBANK0     000060
__pbssCOMRAM                         bssCOMRAM    00003D
__pcinit                             cinit        002BD2
__pcstackCOMRAM                      cstackCOMRAM 000001
__pdataBANK0                         dataBANK0    000098
__pdataCOMRAM                        dataCOMRAM   00005B
__pidataBANK0                        idataBANK0   002FE6
__pidataCOMRAM                       idataCOMRAM  003008
__pivt0x8                            ivt0x8       000008
__psmallconst                        smallconst   002000
__ptext0                             text0        0020B0
__ptext1                             text1        002FA2
__ptext10                            text10       002A06
__ptext11                            text11       002946
__ptext12                            text12       002CA4
__ptext13                            text13       002FF6
__ptext14                            text14       00300C
__ptext15                            text15       002F84
__ptext16                            text16       002F40
__ptext17                            text17       002E2A
__ptext18                            text18       002FBA
__ptext19                            text19       002E5A
__ptext2                             text2        002DFA
__ptext20                            text20       002FD0
__ptext21                            text21       002D90
__ptext22                            text22       002B60
__ptext23                            text23       002EEA
__ptext24                            text24       002872
__ptext25                            text25       002E8A
__ptext26                            text26       002C40
__ptext27                            text27       002EBA
__ptext28                            text28       002D06
__ptext29                            text29       002FFC
__ptext3                             text3        002D4E
__ptext30                            text30       003002
__ptext4                             text4        0026A2
__ptext5                             text5        002AB4
__ptext6                             text6        002F64
__ptext7                             text7        002FEE
__ptext8                             text8        002F18
__ptext9                             text9        002DC6
__ramtop                             ramtop       002000
__smallconst                         smallconst   002000
_abs                                 text9        002DC6
_adc_busy_status                     bssCOMRAM    000058
_dbuf                                bssBANK0     000060
_duty_value1                         dataCOMRAM   00005B
_duty_value2                         dataCOMRAM   00005D
_flags                               bssCOMRAM    000057
_fputc                               text5        002AB4
_hit_1                               bssCOMRAM    000053
_hit_2                               bssBANK0     00008E
_hit_3                               bssBANK0     00008C
_hit_Tone                            text12       002CA4
_hit_count                           bssCOMRAM    000055
_main                                text0        0020B0
_prec                                bssBANK0     000088
_putch                               text6        002F64
_resetButton                         bssCOMRAM    000059
_sprintf                             text2        002DFA
_swValue                             bssCOMRAM    00005A
_systemInit                          text1        002FA2
_uart2RxLastError                    bssBANK0     00008A
_vfpfcnvrt                           text4        0026A2
_vfprintf                            text3        002D4E
_width                               bssBANK0     000086
_xError                              bssBANK0     000096
_xSpeed                              bssBANK0     000092
_xValue                              bssCOMRAM    000051
_yError                              bssBANK0     000094
_ySpeed                              bssBANK0     000090
_yValue                              bssCOMRAM    00004F
abs@a                                cstackCOMRAM 000007
end_of_initialization                cinit        002C3A
fputc@c                              cstackCOMRAM 000003
fputc@fp                             cstackCOMRAM 000005
hit_Tone@count                       cstackCOMRAM 000005
hit_Tone@hit_count                   cstackCOMRAM 000001
intlevel0                            text         000000
intlevel1                            text         000000
intlevel2                            text         000000
intlevel3                            text         000000
isa$std                              (abs)        000001
isa$xinst                            (abs)        000000
ivt0x8_base                          ivt0x8       000008
main@buffer                          cstackCOMRAM 00002C
putch@txData                         cstackCOMRAM 000002
sprintf@ap                           cstackCOMRAM 00001E
sprintf@f                            cstackCOMRAM 00001F
sprintf@fmt                          cstackCOMRAM 00001B
sprintf@s                            cstackCOMRAM 00001A
stackhi                              (abs)        000000
stacklo                              (abs)        000000
start                                init         00001A
start_initialization                 cinit        002BD2
vfpfcnvrt@ap                         cstackCOMRAM 00000D
vfpfcnvrt@c                          cstackCOMRAM 000015
vfpfcnvrt@convarg                    cstackCOMRAM 000011
vfpfcnvrt@cp                         cstackCOMRAM 000010
vfpfcnvrt@done                       cstackCOMRAM 00000F
vfpfcnvrt@fmt                        cstackCOMRAM 00000C
vfpfcnvrt@fp                         cstackCOMRAM 00000B
vfprintf@ap                          cstackCOMRAM 000018
vfprintf@cfmt                        cstackCOMRAM 000019
vfprintf@fmt                         cstackCOMRAM 000017
vfprintf@fp                          cstackCOMRAM 000016


MODULE INFORMATION

Module		Function		Class		Link	Load	Size
C:\Program Files\Microchip\xc8\v3.10\pic\sources\c99\common\awmod.c
		___awmod       		CODE           	2A06	0000	174

C:\Program Files\Microchip\xc8\v3.10\pic\sources\c99\common\awmod.c estimated size: 174

C:\Program Files\Microchip\xc8\v3.10\pic\sources\c99\common\abs.c
		_abs           		CODE           	2DC6	0000	52

C:\Program Files\Microchip\xc8\v3.10\pic\sources\c99\common\abs.c estimated size: 52

mcc_generated_files/system/src/interrupt.c
		_INTERRUPT_InterruptManager		CODE           	2D06	0000	72

mcc_generated_files/system/src/interrupt.c estimated size: 72

mcc_generated_files/adc/src/adc.c
		_ADC_Initialize		CODE           	2C40	0000	100
		_ADC_ChannelSelectAndConvert		CODE           	2EBA	0000	48
		_ADC_ISR       		CODE           	3002	0000	6
		_ADC_ThresholdISR		CODE           	2FFC	0000	6

mcc_generated_files/adc/src/adc.c estimated size: 160

C:\Program Files\Microchip\xc8\v3.10\pic\sources\c99\common\awdiv.c
		___awdiv       		CODE           	2946	0000	192

C:\Program Files\Microchip\xc8\v3.10\pic\sources\c99\common\awdiv.c estimated size: 192

./functions.h
		_PWM1_Initialize		CODE           	2FD0	0000	22
		_LCD_String    		CODE           	2B60	0000	114
		_LCD_Init      		CODE           	2872	0000	212
		_PWM2_Initialize		CODE           	2FBA	0000	22
		_LCD_Command   		CODE           	2E8A	0000	48
		_TMR2_Initialize		CODE           	2F84	0000	30
		_TMR2_Start    		CODE           	300C	0000	4
		_LCD_String_xy 		CODE           	2D90	0000	54
		_PWM_Output_RC2_RC3_Enable		CODE           	2F40	0000	36
		_LCD_Char      		CODE           	2EEA	0000	46
		_PWM1_LoadDutyValue		CODE           	2E5A	0000	48
		_TMR2_StartTimer		CODE           	2FF6	0000	6
		_PWM2_LoadDutyValue		CODE           	2E2A	0000	48
		_hit_Tone      		CODE           	2CA4	0000	98
		_systemInit    		CODE           	2FA2	0000	24

./functions.h estimated size: 812

C:\Program Files\Microchip\xc8\v3.10\pic\sources\c99\common\nf_sprintf.c
		_sprintf       		CODE           	2DFA	0000	48

C:\Program Files\Microchip\xc8\v3.10\pic\sources\c99\common\nf_sprintf.c estimated size: 48

shared
		__initialization		CODE           	2BD2	0000	104
		_UART2         		SMALLCONST     	2001	0000	72

shared estimated size: 176

maincode.c
		_main          		CODE           	20B0	0000	1522

maincode.c estimated size: 1522

C:\Program Files\Microchip\xc8\v3.10\pic\sources\c99\common\nf_fputc.c
		_fputc         		CODE           	2AB4	0000	172

C:\Program Files\Microchip\xc8\v3.10\pic\sources\c99\common\nf_fputc.c estimated size: 172

C:\Program Files\Microchip\xc8\v3.10\pic\sources\c99\common\doprnt.c
		_vfpfcnvrt     		CODE           	26A2	0000	464
		_vfprintf      		CODE           	2D4E	0000	66

C:\Program Files\Microchip\xc8\v3.10\pic\sources\c99\common\doprnt.c estimated size: 530

mcc_generated_files/uart/src/uart2.c
		_putch         		CODE           	2F64	0000	32
		_UART2_IsTxReady		CODE           	2F18	0000	40
		_UART2_Write   		CODE           	2FEE	0000	8

mcc_generated_files/uart/src/uart2.c estimated size: 80

