Microchip MPLAB XC8 Compiler V3.10

Linker command line:

-W-3 \
  --edf=C:\Program Files\Microchip\xc8\v3.10\pic\dat\20250813170317_en.msgs \
  -pivt0x8=08h -cn -h+dist/default/debug\SensorProject.X.debug.sym \
  --cmf=dist/default/debug\SensorProject.X.debug.cmf -z -Q18F47K42 \
  -oC:\Users\jackj\AppData\Local\Temp\xcAsxn8.0\driver_tmp_3.o \
  --defsym=__MPLAB_BUILD=1 --fixupoverflow=error \
  -Mdist/default/debug/SensorProject.X.debug.map \
  --md=C:\Users\jackj\AppData\Local\Temp\xcAsxn8.0\driver_tmp_0.dat -E1 \
  -ver=XC8 Compiler -ACODE=00h-01FFFFh -ACONST=00h-01FFFFh \
  -ASMALLCONST=02000h-020FFhx224,012000h-0120FFhx224 \
  -AMEDIUMCONST=02000h-0FFFFh,012000h-01FFFFh -ACOMRAM=01h-05Fh \
  -AABS1=00h-01FFFh -ABIGRAM=01h-01FFFh -ARAM=060h-0FFh,0100h-01FFhx31 \
  -ABANK0=060h-0FFh -ABANK1=0100h-01FFh -ABANK2=0200h-02FFh \
  -ABANK3=0300h-03FFh -ABANK4=0400h-04FFh -ABANK5=0500h-05FFh \
  -ABANK6=0600h-06FFh -ABANK7=0700h-07FFh -ABANK8=0800h-08FFh \
  -ABANK9=0900h-09FFh -ABANK10=0A00h-0AFFh -ABANK11=0B00h-0BFFh \
  -ABANK12=0C00h-0CFFh -ABANK13=0D00h-0DFFh -ABANK14=0E00h-0EFFh \
  -ABANK15=0F00h-0FFFh -ABANK16=01000h-010FFh -ABANK17=01100h-011FFh \
  -ABANK18=01200h-012FFh -ABANK19=01300h-013FFh -ABANK20=01400h-014FFh \
  -ABANK21=01500h-015FFh -ABANK22=01600h-016FFh -ABANK23=01700h-017FFh \
  -ABANK24=01800h-018FFh -ABANK25=01900h-019FFh -ABANK26=01A00h-01AFFh \
  -ABANK27=01B00h-01BFFh -ABANK28=01C00h-01CFFh -ABANK29=01D00h-01DFFh \
  -ABANK30=01E00h-01EFFh -ABANK31=01F00h-01FFFh \
  -ASFR=03800h-038FFhx7,03F00h-03F5Fh,03F60h-03FFFh -ABIGSFR=03800h-03FFFh \
  -ACONFIG=0300000h-0300009h -AIDLOC=0200000h-020000Fh \
  -AEEDATA=0310000h-03103FFh -peeprom_data=EEDATA -preset_vec=00h \
  -ppowerup=CODE,init -pramtop=02000h -psmallconst=SMALLCONST \
  -pmediumconst=MEDIUMCONST -pconst=CONST -AFARRAM=00h-00h \
  -prdata=COMRAM,nvrram=COMRAM,nvbit=COMRAM,rbss=COMRAM,rbit=COMRAM \
  -pfarbss=FARRAM,fardata=FARRAM,nvFARRAM=FARRAM \
  -pintsave_regs=BIGRAM,bigbss=BIGRAM,bigdata=BIGRAM -pbss=RAM \
  -pidata=CODE,irdata=CODE,ibigdata=CODE,ifardata=CODE -prparam=COMRAM \
  C:\Users\jackj\AppData\Local\Temp\xcAsxn8.0\driver_tmp_9.o \
  dist/default/debug\SensorProject.X.debug.o 

Object code version is 3.11

Machine type is 18F47K42



                Name                               Link     Load   Length Selector   Space Scale
C:\Users\jackj\AppData\Local\Temp\xcAsxn8.0\driver_tmp_9.o
                config                           300000   300000        A        0       4
                init                                 AE       AE        4        4       0
                reset_vec                             0        0        4        0       0
dist/default/debug\SensorProject.X.debug.o
                config                           300000   300000        A        0       4
                smallconst                         2000     2000        2     1000       0
                ivt0x8                                8        8       A6        4       0
                text7                              2304     2304       48     1001       0
                text6                              23E4     23E4        E      8F9       0
                text5                              2002     2002      15C     1001       0
                text4                              23A8     23A8       26     1001       0
                text3                              2296     2296       6E     1001       0
                text2                              2228     2228       6E     1001       0
                text1                              2382     2382       26     1001       0
                text0                              215E     215E       CA     1001       0
                cstackCOMRAM                          1        1       23        1       1
                dataCOMRAM                           24       24       14        1       1
                bssCOMRAM                            38       38        1        1       1
                cinit                              234C     234C       36     1001       0
                idataCOMRAM                        23CE     23CE       14     1001       0

TOTAL           Name                               Link     Load   Length     Space
        CLASS   CODE           
                init                                 AE       AE        4         0
                reset_vec                             0        0        4         0
                ivt0x8                                8        8       A6         0
                text7                              2304     2304       48         0
                text6                              23E4     23E4        E         0
                text5                              2002     2002      15C         0
                text4                              23A8     23A8       26         0
                text3                              2296     2296       6E         0
                text2                              2228     2228       6E         0
                text1                              2382     2382       26         0
                text0                              215E     215E       CA         0
                cinit                              234C     234C       36         0
                idataCOMRAM                        23CE     23CE       14         0

        CLASS   CONST          

        CLASS   SMALLCONST     
                smallconst                         2000     2000        2         0

        CLASS   MEDIUMCONST    

        CLASS   COMRAM         
                cstackCOMRAM                          1        1       23         1
                dataCOMRAM                           24       24       14         1
                bssCOMRAM                            38       38        1         1

        CLASS   ABS1           

        CLASS   BIGRAM         

        CLASS   RAM            

        CLASS   BANK0          

        CLASS   BANK1          

        CLASS   BANK2          

        CLASS   BANK3          

        CLASS   BANK4          

        CLASS   BANK5          

        CLASS   BANK6          

        CLASS   BANK7          

        CLASS   BANK8          

        CLASS   BANK9          

        CLASS   BANK10         

        CLASS   BANK11         

        CLASS   BANK12         

        CLASS   BANK13         

        CLASS   BANK14         

        CLASS   BANK15         

        CLASS   BANK16         

        CLASS   BANK17         

        CLASS   BANK18         

        CLASS   BANK19         

        CLASS   BANK20         

        CLASS   BANK21         

        CLASS   BANK22         

        CLASS   BANK23         

        CLASS   BANK24         

        CLASS   BANK25         

        CLASS   BANK26         

        CLASS   BANK27         

        CLASS   BANK28         

        CLASS   BANK29         

        CLASS   BANK30         

        CLASS   BANK31         

        CLASS   SFR            

        CLASS   BIGSFR         

        CLASS   CONFIG         
                config                           300000   300000        A         4

        CLASS   IDLOC          

        CLASS   EEDATA         

        CLASS   FARRAM         

        CLASS   HEAP           

        CLASS   STACK          



SEGMENTS        Name                           Load    Length   Top    Selector   Space  Class

                reset_vec                      000000  000004  000004         0       0  CODE    
                cstackCOMRAM                   000001  000038  000039         1       1  COMRAM  
                ivt0x8                         000008  0000AA  0000B2         4       0  CODE    
                smallconst                     002000  000002  002002      1000       0  SMALLCON
                text5                          002002  0003E0  0023E2      1001       0  CODE    
                text6                          0023E4  00000E  0023F2       8F9       0  CODE    


UNUSED ADDRESS RANGES

        Name                Unused          Largest block    Delta
        BANK0            000060-0000FF               A0
        BANK1            000100-0001FF              100
        BANK10           000A00-000AFF              100
        BANK11           000B00-000BFF              100
        BANK12           000C00-000CFF              100
        BANK13           000D00-000DFF              100
        BANK14           000E00-000EFF              100
        BANK15           000F00-000FFF              100
        BANK16           001000-0010FF              100
        BANK17           001100-0011FF              100
        BANK18           001200-0012FF              100
        BANK19           001300-0013FF              100
        BANK2            000200-0002FF              100
        BANK20           001400-0014FF              100
        BANK21           001500-0015FF              100
        BANK22           001600-0016FF              100
        BANK23           001700-0017FF              100
        BANK24           001800-0018FF              100
        BANK25           001900-0019FF              100
        BANK26           001A00-001AFF              100
        BANK27           001B00-001BFF              100
        BANK28           001C00-001CFF              100
        BANK29           001D00-001DFF              100
        BANK3            000300-0003FF              100
        BANK30           001E00-001EFF              100
        BANK31           001F00-001FFF              100
        BANK4            000400-0004FF              100
        BANK5            000500-0005FF              100
        BANK6            000600-0006FF              100
        BANK7            000700-0007FF              100
        BANK8            000800-0008FF              100
        BANK9            000900-0009FF              100
        BIGRAM           000039-001FFF             1FC7
        BIGSFR           003800-003FFF              800
        CODE             000004-000007                4
                         0000B2-001FFF             1F4E
                         0023E2-0023E3                2
                         0023F2-01FFFF            1DC0E
        COMRAM           000039-00005F               27
        CONST            000004-000007                4
                         0000B2-001FFF             1F4E
                         0023E2-0023E3                2
                         0023F2-01FFFF            1DC0E
        EEDATA           310000-3103FF              400
        IDLOC            200000-20000F               10
        MEDIUMCONST      0023E2-0023E3                2
                         0023F2-00FFFF             DC0E
                         012000-01FFFF             E000
        RAM              000060-001FFF              100
        SFR              003800-003FFF              100
        SMALLCONST       0023E2-0023E3                2
                         0023F2-00FFFF              100
                         012000-01FFFF              100

                                  Symbol Table

IVTBASEH                                 (abs)        003FD6
IVTBASEL                                 (abs)        003FD5
IVTBASEU                                 (abs)        003FD7
_ANSELA                                  (abs)        003A40
_ANSELB                                  (abs)        003A50
_ANSELC                                  (abs)        003A60
_ANSELD                                  (abs)        003A70
_INT0_ISR                                text6        0023E4
_INTCON0bits                             (abs)        003FD2
_PIE1bits                                (abs)        003991
_PIR1bits                                (abs)        0039A1
_PORTA                                   (abs)        003FCA
_PORTAbits                               (abs)        003FCA
_PORTCbits                               (abs)        003FCC
_PORTD                                   (abs)        003FCD
_TRISA                                   (abs)        003FC2
_TRISB                                   (abs)        003FC3
_TRISC                                   (abs)        003FC4
_TRISD                                   (abs)        003FC5
__HRAM                                   (abs)        000000
__H__absolute__                          __absolute__ 000000
__Habs1                                  abs1         000000
__Hbank0                                 bank0        000000
__Hbank1                                 bank1        000000
__Hbank10                                bank10       000000
__Hbank11                                bank11       000000
__Hbank12                                bank12       000000
__Hbank13                                bank13       000000
__Hbank14                                bank14       000000
__Hbank15                                bank15       000000
__Hbank16                                bank16       000000
__Hbank17                                bank17       000000
__Hbank18                                bank18       000000
__Hbank19                                bank19       000000
__Hbank2                                 bank2        000000
__Hbank20                                bank20       000000
__Hbank21                                bank21       000000
__Hbank22                                bank22       000000
__Hbank23                                bank23       000000
__Hbank24                                bank24       000000
__Hbank25                                bank25       000000
__Hbank26                                bank26       000000
__Hbank27                                bank27       000000
__Hbank28                                bank28       000000
__Hbank29                                bank29       000000
__Hbank3                                 bank3        000000
__Hbank30                                bank30       000000
__Hbank31                                bank31       000000
__Hbank4                                 bank4        000000
__Hbank5                                 bank5        000000
__Hbank6                                 bank6        000000
__Hbank7                                 bank7        000000
__Hbank8                                 bank8        000000
__Hbank9                                 bank9        000000
__Hbigbss                                bigbss       000000
__Hbigdata                               bigdata      000000
__Hbigram                                bigram       000000
__Hbigsfr                                bigsfr       000000
__Hbss                                   bss          000000
__HbssCOMRAM                             bssCOMRAM    000000
__Hcinit                                 cinit        000000
__Hclrtext                               clrtext      000000
__Hcomram                                comram       000000
__Hconfig                                config       30000A
__Hconst                                 const        000000
__HcstackCOMRAM                          cstackCOMRAM 000000
__Hdata                                  data         000000
__HdataCOMRAM                            dataCOMRAM   000000
__Heeprom_data                           eeprom_data  000000
__Hfarbss                                farbss       000000
__Hfardata                               fardata      000000
__Hheap                                  heap         000000
__Hibigdata                              ibigdata     000000
__Hidata                                 idata        000000
__HidataCOMRAM                           idataCOMRAM  000000
__Hidloc                                 idloc        000000
__Hifardata                              ifardata     000000
__Hinit                                  init         0000B2
__Hintsave_regs                          intsave_regs 000000
__Hirdata                                irdata       000000
__Hivt0x8                                ivt0x8       0000AE
__Hmediumconst                           mediumconst  000000
__HnvFARRAM                              nvFARRAM     000000
__Hnvbit                                 nvbit        000000
__Hnvrram                                nvrram       000000
__Hparam                                 rparam       000000
__Hpowerup                               powerup      000000
__Hram                                   ram          000000
__Hramtop                                ramtop       002000
__Hrbit                                  rbit         000000
__Hrbss                                  rbss         000000
__Hrdata                                 rdata        000000
__Hreset_vec                             reset_vec    000004
__Hrparam                                rparam       000000
__Hsfr                                   sfr          000000
__Hsmallconst                            smallconst   002002
__Hspace_0                               (abs)        0023F2
__Hspace_1                               (abs)        000039
__Hspace_2                               (abs)        000000
__Hspace_4                               (abs)        60000A
__Hstack                                 stack        000000
__Hstruct                                struct       000000
__Htemp                                  temp         000000
__Htext                                  text         000000
__Htext0                                 text0        000000
__Htext1                                 text1        000000
__Htext2                                 text2        000000
__Htext3                                 text3        000000
__Htext4                                 text4        000000
__Htext5                                 text5        000000
__Htext6                                 text6        000000
__Htext7                                 text7        000000
__LRAM                                   (abs)        000001
__L__absolute__                          __absolute__ 000000
__Labs1                                  abs1         000000
__Lbank0                                 bank0        000000
__Lbank1                                 bank1        000000
__Lbank10                                bank10       000000
__Lbank11                                bank11       000000
__Lbank12                                bank12       000000
__Lbank13                                bank13       000000
__Lbank14                                bank14       000000
__Lbank15                                bank15       000000
__Lbank16                                bank16       000000
__Lbank17                                bank17       000000
__Lbank18                                bank18       000000
__Lbank19                                bank19       000000
__Lbank2                                 bank2        000000
__Lbank20                                bank20       000000
__Lbank21                                bank21       000000
__Lbank22                                bank22       000000
__Lbank23                                bank23       000000
__Lbank24                                bank24       000000
__Lbank25                                bank25       000000
__Lbank26                                bank26       000000
__Lbank27                                bank27       000000
__Lbank28                                bank28       000000
__Lbank29                                bank29       000000
__Lbank3                                 bank3        000000
__Lbank30                                bank30       000000
__Lbank31                                bank31       000000
__Lbank4                                 bank4        000000
__Lbank5                                 bank5        000000
__Lbank6                                 bank6        000000
__Lbank7                                 bank7        000000
__Lbank8                                 bank8        000000
__Lbank9                                 bank9        000000
__Lbigbss                                bigbss       000000
__Lbigdata                               bigdata      000000
__Lbigram                                bigram       000000
__Lbigsfr                                bigsfr       000000
__Lbss                                   bss          000000
__LbssCOMRAM                             bssCOMRAM    000000
__Lcinit                                 cinit        000000
__Lclrtext                               clrtext      000000
__Lcomram                                comram       000000
__Lconfig                                config       000000
__Lconst                                 const        000000
__LcstackCOMRAM                          cstackCOMRAM 000000
__Ldata                                  data         000000
__LdataCOMRAM                            dataCOMRAM   000000
__Leeprom_data                           eeprom_data  000000
__Lfarbss                                farbss       000000
__Lfardata                               fardata      000000
__Lheap                                  heap         000000
__Libigdata                              ibigdata     000000
__Lidata                                 idata        000000
__LidataCOMRAM                           idataCOMRAM  000000
__Lidloc                                 idloc        000000
__Lifardata                              ifardata     000000
__Linit                                  init         0000AE
__Lintsave_regs                          intsave_regs 000000
__Lirdata                                irdata       000000
__Livt0x8                                ivt0x8       000008
__Lmediumconst                           mediumconst  000000
__LnvFARRAM                              nvFARRAM     000000
__Lnvbit                                 nvbit        000000
__Lnvrram                                nvrram       000000
__Lparam                                 rparam       000000
__Lpowerup                               powerup      000000
__Lram                                   ram          000000
__Lramtop                                ramtop       002000
__Lrbit                                  rbit         000000
__Lrbss                                  rbss         000000
__Lrdata                                 rdata        000000
__Lreset_vec                             reset_vec    000000
__Lrparam                                rparam       000000
__Lsfr                                   sfr          000000
__Lsmallconst                            smallconst   002000
__Lspace_0                               (abs)        000000
__Lspace_1                               (abs)        000000
__Lspace_2                               (abs)        000000
__Lspace_4                               (abs)        000000
__Lstack                                 stack        000000
__Lstruct                                struct       000000
__Ltemp                                  temp         000000
__Ltext                                  text         000000
__Ltext0                                 text0        000000
__Ltext1                                 text1        000000
__Ltext2                                 text2        000000
__Ltext3                                 text3        000000
__Ltext4                                 text4        000000
__Ltext5                                 text5        000000
__Ltext6                                 text6        000000
__Ltext7                                 text7        000000
__S0                                     (abs)        0023F2
__S1                                     (abs)        000039
__S4                                     (abs)        000000
__S5                                     (abs)        000000
___heap_hi                               (abs)        000000
___heap_lo                               (abs)        000000
___inthi_sp                              stack        000000
___inthi_stack_hi                        stack        000000
___inthi_stack_lo                        stack        000000
___intlo_sp                              stack        000000
___intlo_stack_hi                        stack        000000
___intlo_stack_lo                        stack        000000
___param_bank                            (abs)        000000
___rparam_used                           (abs)        000001
___sp                                    stack        000000
___stack_hi                              stack        000000
___stack_lo                              stack        000000
__accesstop                              (abs)        000060
__activetblptr                           (abs)        000000
__end_of_INT0_ISR                        text6        0023F2
__end_of__initialization                 cinit        00237C
__end_of_buttonPress                     text5        00215E
__end_of_initializePorts                 text4        0023CE
__end_of_main                            text0        002228
__end_of_photoresistorCheck1             text3        002304
__end_of_photoresistorCheck2             text2        002296
__end_of_play_melody                     text7        00234C
__end_of_update_seven_segment            text1        0023A8
__initialization                         cinit        00234C
__mediumconst                            smallconst   002000
__pbssCOMRAM                             bssCOMRAM    000038
__pcinit                                 cinit        00234C
__pcstackCOMRAM                          cstackCOMRAM 000001
__pdataCOMRAM                            dataCOMRAM   000024
__pidataCOMRAM                           idataCOMRAM  0023CE
__pivt0x8                                ivt0x8       000008
__psmallconst                            smallconst   002000
__ptext0                                 text0        00215E
__ptext1                                 text1        002382
__ptext2                                 text2        002228
__ptext3                                 text3        002296
__ptext4                                 text4        0023A8
__ptext5                                 text5        002002
__ptext6                                 text6        0023E4
__ptext7                                 text7        002304
__ramtop                                 ramtop       002000
__smallconst                             smallconst   002000
_buttonPress                             text5        002002
_emergency_flag                          bssCOMRAM    000038
_initializePorts                         text4        0023A8
_main                                    text0        00215E
_photoresistorCheck1                     text3        002296
_photoresistorCheck2                     text2        002228
_play_melody                             text7        002304
_update_seven_segment                    text1        002382
buttonPress@scheck1                      cstackCOMRAM 000005
buttonPress@scheck2                      cstackCOMRAM 000006
buttonPress@sdigit1                      cstackCOMRAM 000007
buttonPress@sdigit2                      cstackCOMRAM 000009
buttonPress@toggle                       cstackCOMRAM 000004
end_of_initialization                    cinit        00237C
intlevel0                                text         000000
intlevel1                                text         000000
intlevel2                                text         000000
intlevel3                                text         000000
isa$std                                  (abs)        000001
isa$xinst                                (abs)        000000
ivt0x8_base                              ivt0x8       000008
ivt0x8_undefint                          ivt0x8       0000AC
main@scheck1                             cstackCOMRAM 00001E
main@scheck2                             cstackCOMRAM 000020
main@sdigit1                             cstackCOMRAM 00001A
main@sdigit2                             cstackCOMRAM 00001C
main@toggle                              cstackCOMRAM 000022
photoresistorCheck1@scheck1              cstackCOMRAM 000006
photoresistorCheck1@toggle               cstackCOMRAM 000004
photoresistorCheck2@scheck2              cstackCOMRAM 000006
photoresistorCheck2@toggle               cstackCOMRAM 000004
play_melody@i                            cstackCOMRAM 000002
stackhi                                  (abs)        000000
stacklo                                  (abs)        000000
start                                    init         0000AE
start_initialization                     cinit        00234C
update_seven_segment@F16929              dataCOMRAM   000024
update_seven_segment@display_number      cstackCOMRAM 000004
update_seven_segment@seven_segment_array cstackCOMRAM 000006


MODULE INFORMATION

Module		Function		Class		Link	Load	Size
./functions.h
		_initializePorts		CODE           	23A8	0000	38
		_play_melody   		CODE           	2304	0000	72
		_photoresistorCheck1		CODE           	2296	0000	110
		_update_seven_segment		CODE           	2382	0000	38
		_buttonPress   		CODE           	2002	0000	348
		_photoresistorCheck2		CODE           	2228	0000	110
		_INT0_ISR      		CODE           	23E4	0000	14

./functions.h estimated size: 730

shared
		__initialization		CODE           	234C	0000	48

shared estimated size: 48

maincode.c
		_main          		CODE           	215E	0000	202

maincode.c estimated size: 202

