Microchip MPLAB XC8 Compiler V3.10

Linker command line:

-W-3 \
  --edf=C:\Program Files\Microchip\xc8\v3.10\pic\dat\20250813170317_en.msgs \
  -pivt0x8=08h -cn -h+dist/default/production\LCDProject.X.production.sym \
  --cmf=dist/default/production\LCDProject.X.production.cmf -z -Q18F47K42 \
  -oC:\Users\jackj\AppData\Local\Temp\xcAs4g0.0\driver_tmp_3.o \
  --defsym=__MPLAB_BUILD=1 --fixupoverflow=error \
  -Mdist/default/production/LCDProject.X.production.map \
  --md=C:\Users\jackj\AppData\Local\Temp\xcAs4g0.0\driver_tmp_0.dat -E1 \
  -ver=XC8 Compiler -ACODE=00h-01FFFFh -ACONST=00h-01FFFFh \
  -ASMALLCONST=02000h-020FFhx224,012000h-0120FFhx224 \
  -AMEDIUMCONST=02000h-0FFFFh,012000h-01FFFFh -ACOMRAM=01h-05Fh \
  -AABS1=00h-01FFFh -ABIGRAM=01h-01FFFh -ARAM=060h-0FFh,0100h-01FFhx31 \
  -ABANK0=060h-0FFh -ABANK1=0100h-01FFh -ABANK2=0200h-02FFh \
  -ABANK3=0300h-03FFh -ABANK4=0400h-04FFh -ABANK5=0500h-05FFh \
  -ABANK6=0600h-06FFh -ABANK7=0700h-07FFh -ABANK8=0800h-08FFh \
  -ABANK9=0900h-09FFh -ABANK10=0A00h-0AFFh -ABANK11=0B00h-0BFFh \
  -ABANK12=0C00h-0CFFh -ABANK13=0D00h-0DFFh -ABANK14=0E00h-0EFFh \
  -ABANK15=0F00h-0FFFh -ABANK16=01000h-010FFh -ABANK17=01100h-011FFh \
  -ABANK18=01200h-012FFh -ABANK19=01300h-013FFh -ABANK20=01400h-014FFh \
  -ABANK21=01500h-015FFh -ABANK22=01600h-016FFh -ABANK23=01700h-017FFh \
  -ABANK24=01800h-018FFh -ABANK25=01900h-019FFh -ABANK26=01A00h-01AFFh \
  -ABANK27=01B00h-01BFFh -ABANK28=01C00h-01CFFh -ABANK29=01D00h-01DFFh \
  -ABANK30=01E00h-01EFFh -ABANK31=01F00h-01FFFh \
  -ASFR=03800h-038FFhx7,03F00h-03F5Fh,03F60h-03FFFh -ABIGSFR=03800h-03FFFh \
  -ACONFIG=0300000h-0300009h -AIDLOC=0200000h-020000Fh \
  -AEEDATA=0310000h-03103FFh -peeprom_data=EEDATA -preset_vec=00h \
  -ppowerup=CODE,init -pramtop=02000h -psmallconst=SMALLCONST \
  -pmediumconst=MEDIUMCONST -pconst=CONST -AFARRAM=00h-00h \
  -prdata=COMRAM,nvrram=COMRAM,nvbit=COMRAM,rbss=COMRAM,rbit=COMRAM \
  -pfarbss=FARRAM,fardata=FARRAM,nvFARRAM=FARRAM \
  -pintsave_regs=BIGRAM,bigbss=BIGRAM,bigdata=BIGRAM -pbss=RAM \
  -pidata=CODE,irdata=CODE,ibigdata=CODE,ifardata=CODE -prparam=COMRAM \
  C:\Users\jackj\AppData\Local\Temp\xcAs4g0.0\driver_tmp_9.o \
  dist/default/production\LCDProject.X.production.o 

Object code version is 3.11

Machine type is 18F47K42



                Name                               Link     Load   Length Selector   Space Scale
C:\Users\jackj\AppData\Local\Temp\xcAs4g0.0\driver_tmp_9.o
                config                           300000   300000        A        0       4
                init                                 1A       1A        4        4       0
                reset_vec                             0        0        4        0       0
dist/default/production\LCDProject.X.production.o
                config                           300000   300000        A        0       4
                smallconst                         2000     2000       2A     1000       0
                ivt0x8                                8        8       12        4       0
                text11                             22AA     22AA       6E     1015       0
                text10                             2406     2406       28     1015       0
                text9                              23AE     23AE       30     1015       0
                text8                              2454     2454       26     1015       0
                text7                              2154     2154       B6     1015       0
                text6                              247A     247A       10     1015       0
                text5                              23DE     23DE       28     1015       0
                text4                              237E     237E       30     1015       0
                text3                              234C     234C       32     1015       0
                text2                              2318     2318       34     1015       0
                text1                              202A     202A      12A     1015       0
                text0                              220A     220A       A0     1015       0
                cstackCOMRAM                         1D       1D       1C        1       1
                bssCOMRAM                             1        1       1C        1       1
                cinit                              242E     242E       26     1015       0

TOTAL           Name                               Link     Load   Length     Space
        CLASS   CODE           
                init                                 1A       1A        4         0
                reset_vec                             0        0        4         0
                ivt0x8                                8        8       12         0
                text11                             22AA     22AA       6E         0
                text10                             2406     2406       28         0
                text9                              23AE     23AE       30         0
                text8                              2454     2454       26         0
                text7                              2154     2154       B6         0
                text6                              247A     247A       10         0
                text5                              23DE     23DE       28         0
                text4                              237E     237E       30         0
                text3                              234C     234C       32         0
                text2                              2318     2318       34         0
                text1                              202A     202A      12A         0
                text0                              220A     220A       A0         0
                cinit                              242E     242E       26         0

        CLASS   CONST          

        CLASS   SMALLCONST     
                smallconst                         2000     2000       2A         0

        CLASS   MEDIUMCONST    

        CLASS   COMRAM         
                cstackCOMRAM                         1D       1D       1C         1
                bssCOMRAM                             1        1       1C         1

        CLASS   ABS1           

        CLASS   BIGRAM         

        CLASS   RAM            

        CLASS   BANK0          

        CLASS   BANK1          

        CLASS   BANK2          

        CLASS   BANK3          

        CLASS   BANK4          

        CLASS   BANK5          

        CLASS   BANK6          

        CLASS   BANK7          

        CLASS   BANK8          

        CLASS   BANK9          

        CLASS   BANK10         

        CLASS   BANK11         

        CLASS   BANK12         

        CLASS   BANK13         

        CLASS   BANK14         

        CLASS   BANK15         

        CLASS   BANK16         

        CLASS   BANK17         

        CLASS   BANK18         

        CLASS   BANK19         

        CLASS   BANK20         

        CLASS   BANK21         

        CLASS   BANK22         

        CLASS   BANK23         

        CLASS   BANK24         

        CLASS   BANK25         

        CLASS   BANK26         

        CLASS   BANK27         

        CLASS   BANK28         

        CLASS   BANK29         

        CLASS   BANK30         

        CLASS   BANK31         

        CLASS   SFR            

        CLASS   BIGSFR         

        CLASS   CONFIG         
                config                           300000   300000        A         4

        CLASS   IDLOC          

        CLASS   EEDATA         

        CLASS   FARRAM         

        CLASS   HEAP           

        CLASS   STACK          



SEGMENTS        Name                           Load    Length   Top    Selector   Space  Class

                reset_vec                      000000  000004  000004         0       0  CODE    
                bssCOMRAM                      000001  000038  000039         1       1  COMRAM  
                ivt0x8                         000008  000016  00001E         4       0  CODE    
                smallconst                     002000  00002A  00202A      1000       0  SMALLCON
                text1                          00202A  000460  00248A      1015       0  CODE    


UNUSED ADDRESS RANGES

        Name                Unused          Largest block    Delta
        BANK0            000060-0000FF               A0
        BANK1            000100-0001FF              100
        BANK10           000A00-000AFF              100
        BANK11           000B00-000BFF              100
        BANK12           000C00-000CFF              100
        BANK13           000D00-000DFF              100
        BANK14           000E00-000EFF              100
        BANK15           000F00-000FFF              100
        BANK16           001000-0010FF              100
        BANK17           001100-0011FF              100
        BANK18           001200-0012FF              100
        BANK19           001300-0013FF              100
        BANK2            000200-0002FF              100
        BANK20           001400-0014FF              100
        BANK21           001500-0015FF              100
        BANK22           001600-0016FF              100
        BANK23           001700-0017FF              100
        BANK24           001800-0018FF              100
        BANK25           001900-0019FF              100
        BANK26           001A00-001AFF              100
        BANK27           001B00-001BFF              100
        BANK28           001C00-001CFF              100
        BANK29           001D00-001DFF              100
        BANK3            000300-0003FF              100
        BANK30           001E00-001EFF              100
        BANK31           001F00-001FFF              100
        BANK4            000400-0004FF              100
        BANK5            000500-0005FF              100
        BANK6            000600-0006FF              100
        BANK7            000700-0007FF              100
        BANK8            000800-0008FF              100
        BANK9            000900-0009FF              100
        BIGRAM           000039-001FFF             1FC7
        BIGSFR           003800-003FFF              800
        CODE             000004-000007                4
                         00001E-001FFF             1FE2
                         00248A-01FFFF            1DB76
        COMRAM           000039-00005F               27
        CONST            000004-000007                4
                         00001E-001FFF             1FE2
                         00248A-01FFFF            1DB76
        EEDATA           310000-3103FF              400
        IDLOC            200000-20000F               10
        MEDIUMCONST      00248A-00FFFF             DB76
                         012000-01FFFF             E000
        RAM              000060-001FFF              100
        SFR              003800-003FFF              100
        SMALLCONST       00248A-00FFFF              100
                         012000-01FFFF              100

                                  Symbol Table

?_ADC_Read                cstackCOMRAM 000020
?_abs                     cstackCOMRAM 000020
ADC_Read@channel          cstackCOMRAM 000024
ISR@i                     cstackCOMRAM 00001E
IVTBASEH                  (abs)        003FD6
IVTBASEL                  (abs)        003FD5
IVTBASEU                  (abs)        003FD7
LCD_Char@dat              cstackCOMRAM 000020
LCD_Command@cmd           cstackCOMRAM 000020
LCD_Print_Status@dx       cstackCOMRAM 00002C
LCD_Print_Status@dy       cstackCOMRAM 00002E
LCD_Print_Status@dz       cstackCOMRAM 000030
LCD_Print_Status@last_x   bssCOMRAM    000019
LCD_Print_Status@last_y   bssCOMRAM    000017
LCD_Print_Status@last_z   bssCOMRAM    000015
LCD_Print_Status@x_adc    cstackCOMRAM 000026
LCD_Print_Status@y_adc    cstackCOMRAM 000028
LCD_Print_Status@z_adc    cstackCOMRAM 00002A
LCD_String@msg            cstackCOMRAM 000021
LCD_String_xy@location    cstackCOMRAM 000025
LCD_String_xy@msg         cstackCOMRAM 000023
LCD_String_xy@pos         cstackCOMRAM 000022
LCD_String_xy@row         cstackCOMRAM 000024
_ADACQH                   (abs)        003EF4
_ADACQL                   (abs)        003EF3
_ADCLK                    (abs)        003EFF
_ADCON0bits               (abs)        003EF8
_ADC_Init                 text10       002406
_ADC_Read                 text9        0023AE
_ADPCH                    (abs)        003EF1
_ADPREH                   (abs)        003EF7
_ADPREL                   (abs)        003EF6
_ADRESH                   (abs)        003EF0
_ADRESL                   (abs)        003EEF
_ANSELAbits               (abs)        003A40
_ANSELB                   (abs)        003A50
_ANSELCbits               (abs)        003A60
_ANSELD                   (abs)        003A70
_ANSELDbits               (abs)        003A70
_INTCON0bits              (abs)        003FD2
_IOCCFbits                (abs)        003A67
_IOCCNbits                (abs)        003A66
_IOCCPbits                (abs)        003A65
_ISR                      text11       0022AA
_LATB                     (abs)        003FBB
_LATD                     (abs)        003FBD
_LATDbits                 (abs)        003FBD
_LCD_Char                 text5        0023DE
_LCD_Clear                text6        00247A
_LCD_Command              text8        002454
_LCD_Init                 text7        002154
_LCD_Print_Status         text1        00202A
_LCD_String               text4        00237E
_LCD_String_xy            text3        00234C
_PIE0bits                 (abs)        003990
_PIR0bits                 (abs)        0039A0
_PORTC                    (abs)        003FCC
_TRISAbits                (abs)        003FC2
_TRISB                    (abs)        003FC3
_TRISCbits                (abs)        003FC4
_TRISD                    (abs)        003FC5
_TRISDbits                (abs)        003FC5
__HRAM                    (abs)        000000
__H__absolute__           __absolute__ 000000
__Habs1                   abs1         000000
__Hbank0                  bank0        000000
__Hbank1                  bank1        000000
__Hbank10                 bank10       000000
__Hbank11                 bank11       000000
__Hbank12                 bank12       000000
__Hbank13                 bank13       000000
__Hbank14                 bank14       000000
__Hbank15                 bank15       000000
__Hbank16                 bank16       000000
__Hbank17                 bank17       000000
__Hbank18                 bank18       000000
__Hbank19                 bank19       000000
__Hbank2                  bank2        000000
__Hbank20                 bank20       000000
__Hbank21                 bank21       000000
__Hbank22                 bank22       000000
__Hbank23                 bank23       000000
__Hbank24                 bank24       000000
__Hbank25                 bank25       000000
__Hbank26                 bank26       000000
__Hbank27                 bank27       000000
__Hbank28                 bank28       000000
__Hbank29                 bank29       000000
__Hbank3                  bank3        000000
__Hbank30                 bank30       000000
__Hbank31                 bank31       000000
__Hbank4                  bank4        000000
__Hbank5                  bank5        000000
__Hbank6                  bank6        000000
__Hbank7                  bank7        000000
__Hbank8                  bank8        000000
__Hbank9                  bank9        000000
__Hbigbss                 bigbss       000000
__Hbigdata                bigdata      000000
__Hbigram                 bigram       000000
__Hbigsfr                 bigsfr       000000
__Hbss                    bss          000000
__HbssCOMRAM              bssCOMRAM    000000
__Hcinit                  cinit        000000
__Hclrtext                clrtext      000000
__Hcomram                 comram       000000
__Hconfig                 config       30000A
__Hconst                  const        000000
__HcstackCOMRAM           cstackCOMRAM 000000
__Hdata                   data         000000
__Heeprom_data            eeprom_data  000000
__Hfarbss                 farbss       000000
__Hfardata                fardata      000000
__Hheap                   heap         000000
__Hibigdata               ibigdata     000000
__Hidata                  idata        000000
__Hidloc                  idloc        000000
__Hifardata               ifardata     000000
__Hinit                   init         00001E
__Hintsave_regs           intsave_regs 000000
__Hirdata                 irdata       000000
__Hivt0x8                 ivt0x8       00001A
__Hmediumconst            mediumconst  000000
__HnvFARRAM               nvFARRAM     000000
__Hnvbit                  nvbit        000000
__Hnvrram                 nvrram       000000
__Hparam                  rparam       000000
__Hpowerup                powerup      000000
__Hram                    ram          000000
__Hramtop                 ramtop       002000
__Hrbit                   rbit         000000
__Hrbss                   rbss         000000
__Hrdata                  rdata        000000
__Hreset_vec              reset_vec    000004
__Hrparam                 rparam       000000
__Hsfr                    sfr          000000
__Hsmallconst             smallconst   00202A
__Hspace_0                (abs)        00248A
__Hspace_1                (abs)        000039
__Hspace_2                (abs)        000000
__Hspace_4                (abs)        60000A
__Hstack                  stack        000000
__Hstruct                 struct       000000
__Htemp                   temp         000000
__Htext                   text         000000
__Htext0                  text0        000000
__Htext1                  text1        000000
__Htext10                 text10       000000
__Htext11                 text11       000000
__Htext2                  text2        000000
__Htext3                  text3        000000
__Htext4                  text4        000000
__Htext5                  text5        000000
__Htext6                  text6        000000
__Htext7                  text7        000000
__Htext8                  text8        000000
__Htext9                  text9        000000
__LRAM                    (abs)        000001
__L__absolute__           __absolute__ 000000
__Labs1                   abs1         000000
__Lbank0                  bank0        000000
__Lbank1                  bank1        000000
__Lbank10                 bank10       000000
__Lbank11                 bank11       000000
__Lbank12                 bank12       000000
__Lbank13                 bank13       000000
__Lbank14                 bank14       000000
__Lbank15                 bank15       000000
__Lbank16                 bank16       000000
__Lbank17                 bank17       000000
__Lbank18                 bank18       000000
__Lbank19                 bank19       000000
__Lbank2                  bank2        000000
__Lbank20                 bank20       000000
__Lbank21                 bank21       000000
__Lbank22                 bank22       000000
__Lbank23                 bank23       000000
__Lbank24                 bank24       000000
__Lbank25                 bank25       000000
__Lbank26                 bank26       000000
__Lbank27                 bank27       000000
__Lbank28                 bank28       000000
__Lbank29                 bank29       000000
__Lbank3                  bank3        000000
__Lbank30                 bank30       000000
__Lbank31                 bank31       000000
__Lbank4                  bank4        000000
__Lbank5                  bank5        000000
__Lbank6                  bank6        000000
__Lbank7                  bank7        000000
__Lbank8                  bank8        000000
__Lbank9                  bank9        000000
__Lbigbss                 bigbss       000000
__Lbigdata                bigdata      000000
__Lbigram                 bigram       000000
__Lbigsfr                 bigsfr       000000
__Lbss                    bss          000000
__LbssCOMRAM              bssCOMRAM    000000
__Lcinit                  cinit        000000
__Lclrtext                clrtext      000000
__Lcomram                 comram       000000
__Lconfig                 config       000000
__Lconst                  const        000000
__LcstackCOMRAM           cstackCOMRAM 000000
__Ldata                   data         000000
__Leeprom_data            eeprom_data  000000
__Lfarbss                 farbss       000000
__Lfardata                fardata      000000
__Lheap                   heap         000000
__Libigdata               ibigdata     000000
__Lidata                  idata        000000
__Lidloc                  idloc        000000
__Lifardata               ifardata     000000
__Linit                   init         00001A
__Lintsave_regs           intsave_regs 000000
__Lirdata                 irdata       000000
__Livt0x8                 ivt0x8       000008
__Lmediumconst            mediumconst  000000
__LnvFARRAM               nvFARRAM     000000
__Lnvbit                  nvbit        000000
__Lnvrram                 nvrram       000000
__Lparam                  rparam       000000
__Lpowerup                powerup      000000
__Lram                    ram          000000
__Lramtop                 ramtop       002000
__Lrbit                   rbit         000000
__Lrbss                   rbss         000000
__Lrdata                  rdata        000000
__Lreset_vec              reset_vec    000000
__Lrparam                 rparam       000000
__Lsfr                    sfr          000000
__Lsmallconst             smallconst   002000
__Lspace_0                (abs)        000000
__Lspace_1                (abs)        000000
__Lspace_2                (abs)        000000
__Lspace_4                (abs)        000000
__Lstack                  stack        000000
__Lstruct                 struct       000000
__Ltemp                   temp         000000
__Ltext                   text         000000
__Ltext0                  text0        000000
__Ltext1                  text1        000000
__Ltext10                 text10       000000
__Ltext11                 text11       000000
__Ltext2                  text2        000000
__Ltext3                  text3        000000
__Ltext4                  text4        000000
__Ltext5                  text5        000000
__Ltext6                  text6        000000
__Ltext7                  text7        000000
__Ltext8                  text8        000000
__Ltext9                  text9        000000
__S0                      (abs)        00248A
__S1                      (abs)        000039
__S4                      (abs)        000000
__S5                      (abs)        000000
___heap_hi                (abs)        000000
___heap_lo                (abs)        000000
___inthi_sp               stack        000000
___inthi_stack_hi         stack        000000
___inthi_stack_lo         stack        000000
___intlo_sp               stack        000000
___intlo_stack_hi         stack        000000
___intlo_stack_lo         stack        000000
___param_bank             (abs)        000000
___rparam_used            (abs)        000001
___sp                     stack        000000
___stack_hi               stack        000000
___stack_lo               stack        000000
__accesstop               (abs)        000060
__activetblptr            (abs)        000001
__end_of_ADC_Init         text10       00242E
__end_of_ADC_Read         text9        0023DE
__end_of_ISR              text11       002318
__end_of_LCD_Char         text5        002406
__end_of_LCD_Clear        text6        00248A
__end_of_LCD_Command      text8        00247A
__end_of_LCD_Init         text7        00220A
__end_of_LCD_Print_Status text1        002154
__end_of_LCD_String       text4        0023AE
__end_of_LCD_String_xy    text3        00237E
__end_of__initialization  cinit        002446
__end_of_abs              text2        00234C
__end_of_main             text0        0022AA
__initialization          cinit        00242E
__mediumconst             smallconst   002000
__pbssCOMRAM              bssCOMRAM    000001
__pcinit                  cinit        00242E
__pcstackCOMRAM           cstackCOMRAM 00001D
__pivt0x8                 ivt0x8       000008
__psmallconst             smallconst   002000
__ptext0                  text0        00220A
__ptext1                  text1        00202A
__ptext10                 text10       002406
__ptext11                 text11       0022AA
__ptext2                  text2        002318
__ptext3                  text3        00234C
__ptext4                  text4        00237E
__ptext5                  text5        0023DE
__ptext6                  text6        00247A
__ptext7                  text7        002154
__ptext8                  text8        002454
__ptext9                  text9        0023AE
__ramtop                  ramtop       002000
__smallconst              smallconst   002000
_abs                      text2        002318
_data                     bssCOMRAM    000001
_digital                  bssCOMRAM    00001B
_main                     text0        00220A
_voltage                  bssCOMRAM    000011
abs@a                     cstackCOMRAM 000020
end_of_initialization     cinit        002446
intlevel0                 text         000000
intlevel1                 text         000000
intlevel2                 text         000000
intlevel3                 text         000000
isa$std                   (abs)        000001
isa$xinst                 (abs)        000000
ivt0x8_base               ivt0x8       000008
main@x_adc                cstackCOMRAM 000033
main@y_adc                cstackCOMRAM 000035
main@z_adc                cstackCOMRAM 000037
stackhi                   (abs)        000000
stacklo                   (abs)        000000
start                     init         00001A
start_initialization      cinit        00242E


MODULE INFORMATION

Module		Function		Class		Link	Load	Size
C:\Program Files\Microchip\xc8\v3.10\pic\sources\c99\common\abs.c
		_abs           		CODE           	2318	0000	52

C:\Program Files\Microchip\xc8\v3.10\pic\sources\c99\common\abs.c estimated size: 52

shared
		__initialization		CODE           	242E	0000	24

shared estimated size: 24

maincode.c
		_LCD_String    		CODE           	237E	0000	48
		_LCD_Init      		CODE           	2154	0000	182
		_LCD_Command   		CODE           	2454	0000	38
		_ISR           		CODE           	22AA	0000	110
		_LCD_String_xy 		CODE           	234C	0000	50
		_main          		CODE           	220A	0000	160
		_LCD_Char      		CODE           	23DE	0000	40
		_LCD_Clear     		CODE           	247A	0000	16
		_LCD_Print_Status		CODE           	202A	0000	298
		_ADC_Read      		CODE           	23AE	0000	48
		_ADC_Init      		CODE           	2406	0000	40

maincode.c estimated size: 1030

